    Addr      Off     Size Out     In      Symbol
       -        8      1c0 TYPE
       -      1c8      6dd IMPORT
       -      8a5      17b FUNCTION
       -      a20        7 TABLE
       -      a27       b1 GLOBAL
       0        0        0         __stack_pointer
       1        0        0         __tls_base
       2        0        0         __tls_size
       3        0        0         __tls_align
       -      ad8     1426 EXPORT
       -     1efe        3 START
       -     1f01        f ELEM
       -     1f10        3 DATACOUNT
       -     1f13    11734 CODE
       -     1f15        3         <internal>:(__wasm_call_ctors)
       -     1f18        3         <internal>:(__wasm_init_tls)
       -     1f1b       6d         <internal>:(__wasm_init_memory)
       -     1f88        b         C:\dev\lib\wasi-sysroot/lib/wasm32-wasi\libc.a(dlmalloc.o):(malloc)
       -     1f88        b                 malloc
       -     1f88        b                 __libc_malloc
       -     1f93     1b88         C:\dev\lib\wasi-sysroot/lib/wasm32-wasi\libc.a(dlmalloc.o):(dlmalloc)
       -     1f93     1b88                 dlmalloc
       -     3b1b        b         C:\dev\lib\wasi-sysroot/lib/wasm32-wasi\libc.a(dlmalloc.o):(free)
       -     3b1b        b                 free
       -     3b1b        b                 __libc_free
       -     3b26      6f2         C:\dev\lib\wasi-sysroot/lib/wasm32-wasi\libc.a(dlmalloc.o):(dlfree)
       -     3b26      6f2                 dlfree
       -     4218       6c         C:\dev\lib\wasi-sysroot/lib/wasm32-wasi\libc.a(dlmalloc.o):(calloc)
       -     4218       6c                 calloc
       -     4218       6c                 __libc_calloc
       -     4284      46b         C:\dev\lib\wasi-sysroot/lib/wasm32-wasi\libc.a(dlmalloc.o):(realloc)
       -     4284      46b                 realloc
       -     46ef      6a2         C:\dev\lib\wasi-sysroot/lib/wasm32-wasi\libc.a(dlmalloc.o):(dispose_chunk)
       -     46ef      6a2                 dispose_chunk
       -     4d91       7b         C:\dev\lib\wasi-sysroot/lib/wasm32-wasi\libc.a(dlmalloc.o):(posix_memalign)
       -     4d91       7b                 posix_memalign
       -     4e0c      1af         C:\dev\lib\wasi-sysroot/lib/wasm32-wasi\libc.a(dlmalloc.o):(internal_memalign)
       -     4e0c      1af                 internal_memalign
       -     4fbb       20         C:\dev\lib\wasi-sysroot/lib/wasm32-wasi\libc.a(dlmalloc.o):(aligned_alloc)
       -     4fbb       20                 aligned_alloc
       -     4fdb       31         C:\dev\lib\wasi-sysroot/lib/wasm32-wasi\libc.a(dlmalloc.o):(malloc_usable_size)
       -     4fdb       31                 malloc_usable_size
       -     500c       4f         C:\dev\lib\wasi-sysroot/lib/wasm32-wasi\libc.a(sbrk.o):(sbrk)
       -     500c       4f                 sbrk
       -     505b        5         C:\dev\lib\wasi-sysroot/lib/wasm32-wasi\libc.a(abort.o):(abort)
       -     505b        5                 abort
       -     5060      3d9         C:\dev\lib\wasi-sysroot/lib/wasm32-wasi\libc.a(memcpy.o):(memcpy)
       -     5060      3d9                 memcpy
       -     5439      193         C:\dev\lib\wasi-sysroot/lib/wasm32-wasi\libc.a(memset.o):(memset)
       -     5439      193                 memset
       -     55cc       b5         C:\dev\lib\wasi-sysroot/lib/wasm32-wasi\libc.a(atoll.o):(atoll)
       -     55cc       b5                 atoll
       -     5681        9         C:\dev\lib\wasi-sysroot/lib/wasm32-wasi\libc.a(ofl.o):(__ofl_lock)
       -     5681        9                 __ofl_lock
       -     568a        3         C:\dev\lib\wasi-sysroot/lib/wasm32-wasi\libc.a(ofl.o):(__ofl_unlock)
       -     568a        3                 __ofl_unlock
       -     568d      185         C:\dev\lib\wasi-sysroot/lib/wasm32-wasi\libc.a(__stdio_exit.o):(__stdio_exit)
       -     568d      185                 __stdio_exit
       -     568d      185                 __stdio_exit_needed
       -     5812       87         C:\dev\lib\wasi-sysroot/lib/wasm32-wasi\libc.a(__toread.o):(__toread)
       -     5812       87                 __toread
       -     5899        9         C:\dev\lib\wasi-sysroot/lib/wasm32-wasi\libc.a(__toread.o):(__toread_needs_stdio_exit)
       -     5899        9                 __toread_needs_stdio_exit
       -     58a2       55         C:\dev\lib\wasi-sysroot/lib/wasm32-wasi\libc.a(__uflow.o):(__uflow)
       -     58a2       55                 __uflow
       -     58f7       48         C:\dev\lib\wasi-sysroot/lib/wasm32-wasi\libc.a(shgetc.o):(__shlim)
       -     58f7       48                 __shlim
       -     593f       e4         C:\dev\lib\wasi-sysroot/lib/wasm32-wasi\libc.a(shgetc.o):(__shgetc)
       -     593f       e4                 __shgetc
       -     5a23      65e         C:\dev\lib\wasi-sysroot/lib/wasm32-wasi\libc.a(intscan.o):(__intscan)
       -     5a23      65e                 __intscan
       -     6081       77         C:\dev\lib\wasi-sysroot/lib/wasm32-wasi\libc.a(strtol.o):(strtoull)
       -     6081       77                 strtoull
       -     6081       77                 __strtoull_internal
       -     60f8       80         C:\dev\lib\wasi-sysroot/lib/wasm32-wasi\libc.a(strtol.o):(strtoll)
       -     60f8       80                 strtoll
       -     60f8       80                 __strtoll_internal
       -     6178       7c         C:\dev\lib\wasi-sysroot/lib/wasm32-wasi\libc.a(strtol.o):(strtoul)
       -     6178       7c                 strtoul
       -     6178       7c                 __strtoul_internal
       -     61f4       7c         C:\dev\lib\wasi-sysroot/lib/wasm32-wasi\libc.a(strtol.o):(strtol)
       -     61f4       7c                 strtol
       -     61f4       7c                 __strtol_internal
       -     6270       80         C:\dev\lib\wasi-sysroot/lib/wasm32-wasi\libc.a(strtol.o):(strtoimax)
       -     6270       80                 strtoimax
       -     6270       80                 __strtoimax_internal
       -     62f0       77         C:\dev\lib\wasi-sysroot/lib/wasm32-wasi\libc.a(strtol.o):(strtoumax)
       -     62f0       77                 strtoumax
       -     62f0       77                 __strtoumax_internal
       -     6367       17         C:\dev\lib\wasi-sysroot/lib/wasm32-wasi\libc.a(qsort_nr.o):(qsort)
       -     6367       17                 qsort
       -     637e       10         C:\dev\lib\wasi-sysroot/lib/wasm32-wasi\libc.a(qsort_nr.o):(wrapper_cmp)
       -     637e       10                 wrapper_cmp
       -     638e       b2         C:\dev\lib\wasi-sysroot/lib/wasm32-wasi\libc.a(atoi.o):(atoi)
       -     638e       b2                 atoi
       -     6440     11ef         C:\dev\lib\wasi-sysroot/lib/wasm32-wasi\libc.a(floatscan.o):(__floatscan)
       -     6440     11ef                 __floatscan
       -     762f      52c         C:\dev\lib\wasi-sysroot/lib/wasm32-wasi\libc.a(floatscan.o):(hexfloat)
       -     762f      52c                 hexfloat
       -     7b5b      25a         C:\dev\lib\wasi-sysroot/lib/wasm32-wasi\libc.a(floatscan.o):(scanexp)
       -     7b5b      25a                 scanexp
       -     7db5       b3         C:\dev\lib\wasi-sysroot/lib/wasm32-wasi\libc.a(strlen.o):(strlen)
       -     7db5       b3                 strlen
       -     7e68       12         C:\dev\lib\wasi-sysroot/lib/wasm32-wasi\libc.a(__wasilibc_real.o):(__wasi_args_get)
       -     7e68       12                 __wasi_args_get
       -     7e7a       12         C:\dev\lib\wasi-sysroot/lib/wasm32-wasi\libc.a(__wasilibc_real.o):(__wasi_args_sizes_get)
       -     7e7a       12                 __wasi_args_sizes_get
       -     7e8c       12         C:\dev\lib\wasi-sysroot/lib/wasm32-wasi\libc.a(__wasilibc_real.o):(__wasi_environ_get)
       -     7e8c       12                 __wasi_environ_get
       -     7e9e       12         C:\dev\lib\wasi-sysroot/lib/wasm32-wasi\libc.a(__wasilibc_real.o):(__wasi_environ_sizes_get)
       -     7e9e       12                 __wasi_environ_sizes_get
       -     7eb0       12         C:\dev\lib\wasi-sysroot/lib/wasm32-wasi\libc.a(__wasilibc_real.o):(__wasi_clock_res_get)
       -     7eb0       12                 __wasi_clock_res_get
       -     7ec2       14         C:\dev\lib\wasi-sysroot/lib/wasm32-wasi\libc.a(__wasilibc_real.o):(__wasi_clock_time_get)
       -     7ec2       14                 __wasi_clock_time_get
       -     7ed6       16         C:\dev\lib\wasi-sysroot/lib/wasm32-wasi\libc.a(__wasilibc_real.o):(__wasi_fd_advise)
       -     7ed6       16                 __wasi_fd_advise
       -     7eec       14         C:\dev\lib\wasi-sysroot/lib/wasm32-wasi\libc.a(__wasilibc_real.o):(__wasi_fd_allocate)
       -     7eec       14                 __wasi_fd_allocate
       -     7f00       10         C:\dev\lib\wasi-sysroot/lib/wasm32-wasi\libc.a(__wasilibc_real.o):(__wasi_fd_close)
       -     7f00       10                 __wasi_fd_close
       -     7f10       10         C:\dev\lib\wasi-sysroot/lib/wasm32-wasi\libc.a(__wasilibc_real.o):(__wasi_fd_datasync)
       -     7f10       10                 __wasi_fd_datasync
       -     7f20       12         C:\dev\lib\wasi-sysroot/lib/wasm32-wasi\libc.a(__wasilibc_real.o):(__wasi_fd_fdstat_get)
       -     7f20       12                 __wasi_fd_fdstat_get
       -     7f32       12         C:\dev\lib\wasi-sysroot/lib/wasm32-wasi\libc.a(__wasilibc_real.o):(__wasi_fd_fdstat_set_flags)
       -     7f32       12                 __wasi_fd_fdstat_set_flags
       -     7f44       14         C:\dev\lib\wasi-sysroot/lib/wasm32-wasi\libc.a(__wasilibc_real.o):(__wasi_fd_fdstat_set_rights)
       -     7f44       14                 __wasi_fd_fdstat_set_rights
       -     7f58       12         C:\dev\lib\wasi-sysroot/lib/wasm32-wasi\libc.a(__wasilibc_real.o):(__wasi_fd_filestat_get)
       -     7f58       12                 __wasi_fd_filestat_get
       -     7f6a       12         C:\dev\lib\wasi-sysroot/lib/wasm32-wasi\libc.a(__wasilibc_real.o):(__wasi_fd_filestat_set_size)
       -     7f6a       12                 __wasi_fd_filestat_set_size
       -     7f7c       16         C:\dev\lib\wasi-sysroot/lib/wasm32-wasi\libc.a(__wasilibc_real.o):(__wasi_fd_filestat_set_times)
       -     7f7c       16                 __wasi_fd_filestat_set_times
       -     7f92       18         C:\dev\lib\wasi-sysroot/lib/wasm32-wasi\libc.a(__wasilibc_real.o):(__wasi_fd_pread)
       -     7f92       18                 __wasi_fd_pread
       -     7faa       12         C:\dev\lib\wasi-sysroot/lib/wasm32-wasi\libc.a(__wasilibc_real.o):(__wasi_fd_prestat_get)
       -     7faa       12                 __wasi_fd_prestat_get
       -     7fbc       14         C:\dev\lib\wasi-sysroot/lib/wasm32-wasi\libc.a(__wasilibc_real.o):(__wasi_fd_prestat_dir_name)
       -     7fbc       14                 __wasi_fd_prestat_dir_name
       -     7fd0       18         C:\dev\lib\wasi-sysroot/lib/wasm32-wasi\libc.a(__wasilibc_real.o):(__wasi_fd_pwrite)
       -     7fd0       18                 __wasi_fd_pwrite
       -     7fe8       16         C:\dev\lib\wasi-sysroot/lib/wasm32-wasi\libc.a(__wasilibc_real.o):(__wasi_fd_read)
       -     7fe8       16                 __wasi_fd_read
       -     7ffe       18         C:\dev\lib\wasi-sysroot/lib/wasm32-wasi\libc.a(__wasilibc_real.o):(__wasi_fd_readdir)
       -     7ffe       18                 __wasi_fd_readdir
       -     8016       12         C:\dev\lib\wasi-sysroot/lib/wasm32-wasi\libc.a(__wasilibc_real.o):(__wasi_fd_renumber)
       -     8016       12                 __wasi_fd_renumber
       -     8028       16         C:\dev\lib\wasi-sysroot/lib/wasm32-wasi\libc.a(__wasilibc_real.o):(__wasi_fd_seek)
       -     8028       16                 __wasi_fd_seek
       -     803e       10         C:\dev\lib\wasi-sysroot/lib/wasm32-wasi\libc.a(__wasilibc_real.o):(__wasi_fd_sync)
       -     803e       10                 __wasi_fd_sync
       -     804e       12         C:\dev\lib\wasi-sysroot/lib/wasm32-wasi\libc.a(__wasilibc_real.o):(__wasi_fd_tell)
       -     804e       12                 __wasi_fd_tell
       -     8060       16         C:\dev\lib\wasi-sysroot/lib/wasm32-wasi\libc.a(__wasilibc_real.o):(__wasi_fd_write)
       -     8060       16                 __wasi_fd_write
       -     8076       1a         C:\dev\lib\wasi-sysroot/lib/wasm32-wasi\libc.a(__wasilibc_real.o):(__wasi_path_create_directory)
       -     8076       1a                 __wasi_path_create_directory
       -     8090       1e         C:\dev\lib\wasi-sysroot/lib/wasm32-wasi\libc.a(__wasilibc_real.o):(__wasi_path_filestat_get)
       -     8090       1e                 __wasi_path_filestat_get
       -     80ae       22         C:\dev\lib\wasi-sysroot/lib/wasm32-wasi\libc.a(__wasilibc_real.o):(__wasi_path_filestat_set_times)
       -     80ae       22                 __wasi_path_filestat_set_times
       -     80d0       28         C:\dev\lib\wasi-sysroot/lib/wasm32-wasi\libc.a(__wasilibc_real.o):(__wasi_path_link)
       -     80d0       28                 __wasi_path_link
       -     80f8       26         C:\dev\lib\wasi-sysroot/lib/wasm32-wasi\libc.a(__wasilibc_real.o):(__wasi_path_open)
       -     80f8       26                 __wasi_path_open
       -     811e       20         C:\dev\lib\wasi-sysroot/lib/wasm32-wasi\libc.a(__wasilibc_real.o):(__wasi_path_readlink)
       -     811e       20                 __wasi_path_readlink
       -     813e       1a         C:\dev\lib\wasi-sysroot/lib/wasm32-wasi\libc.a(__wasilibc_real.o):(__wasi_path_remove_directory)
       -     813e       1a                 __wasi_path_remove_directory
       -     8158       26         C:\dev\lib\wasi-sysroot/lib/wasm32-wasi\libc.a(__wasilibc_real.o):(__wasi_path_rename)
       -     8158       26                 __wasi_path_rename
       -     817e       24         C:\dev\lib\wasi-sysroot/lib/wasm32-wasi\libc.a(__wasilibc_real.o):(__wasi_path_symlink)
       -     817e       24                 __wasi_path_symlink
       -     81a2       1a         C:\dev\lib\wasi-sysroot/lib/wasm32-wasi\libc.a(__wasilibc_real.o):(__wasi_path_unlink_file)
       -     81a2       1a                 __wasi_path_unlink_file
       -     81bc       16         C:\dev\lib\wasi-sysroot/lib/wasm32-wasi\libc.a(__wasilibc_real.o):(__wasi_poll_oneoff)
       -     81bc       16                 __wasi_poll_oneoff
       -     81d2        c         C:\dev\lib\wasi-sysroot/lib/wasm32-wasi\libc.a(__wasilibc_real.o):(__wasi_proc_exit)
       -     81d2        c                 __wasi_proc_exit
       -     81de        e         C:\dev\lib\wasi-sysroot/lib/wasm32-wasi\libc.a(__wasilibc_real.o):(__wasi_sched_yield)
       -     81de        e                 __wasi_sched_yield
       -     81ec       12         C:\dev\lib\wasi-sysroot/lib/wasm32-wasi\libc.a(__wasilibc_real.o):(__wasi_random_get)
       -     81ec       12                 __wasi_random_get
       -     81fe       14         C:\dev\lib\wasi-sysroot/lib/wasm32-wasi\libc.a(__wasilibc_real.o):(__wasi_sock_accept)
       -     81fe       14                 __wasi_sock_accept
       -     8212       1a         C:\dev\lib\wasi-sysroot/lib/wasm32-wasi\libc.a(__wasilibc_real.o):(__wasi_sock_recv)
       -     8212       1a                 __wasi_sock_recv
       -     822c       18         C:\dev\lib\wasi-sysroot/lib/wasm32-wasi\libc.a(__wasilibc_real.o):(__wasi_sock_send)
       -     822c       18                 __wasi_sock_send
       -     8244       12         C:\dev\lib\wasi-sysroot/lib/wasm32-wasi\libc.a(__wasilibc_real.o):(__wasi_sock_shutdown)
       -     8244       12                 __wasi_sock_shutdown
       -     8256       22         C:\dev\lib\wasi-sysroot/lib/wasm32-wasi\libc.a(close.o):(close)
       -     8256       22                 close
       -     8278        e         C:\dev\lib\wasi-sysroot/lib/wasm32-wasi\libc.a(__stdio_close.o):(__stdio_close)
       -     8278        e                 __stdio_close
       -     8286       72         C:\dev\lib\wasi-sysroot/lib/wasm32-wasi\libc.a(writev.o):(writev)
       -     8286       72                 writev
       -     82f8      143         C:\dev\lib\wasi-sysroot/lib/wasm32-wasi\libc.a(__stdio_write.o):(__stdio_write)
       -     82f8      143                 __stdio_write
       -     843b       65         C:\dev\lib\wasi-sysroot/lib/wasm32-wasi\libc.a(lseek.o):(__lseek)
       -     843b       65                 __lseek
       -     843b       65                 lseek
       -     84a0       12         C:\dev\lib\wasi-sysroot/lib/wasm32-wasi\libc.a(__stdio_seek.o):(__stdio_seek)
       -     84a0       12                 __stdio_seek
       -     84b2       5d         C:\dev\lib\wasi-sysroot/lib/wasm32-wasi\libc.a(__towrite.o):(__towrite)
       -     84b2       5d                 __towrite
       -     850f        9         C:\dev\lib\wasi-sysroot/lib/wasm32-wasi\libc.a(__towrite.o):(__towrite_needs_stdio_exit)
       -     850f        9                 __towrite_needs_stdio_exit
       -     8518      108         C:\dev\lib\wasi-sysroot/lib/wasm32-wasi\libc.a(fwrite.o):(__fwritex)
       -     8518      108                 __fwritex
       -     8620      123         C:\dev\lib\wasi-sysroot/lib/wasm32-wasi\libc.a(fwrite.o):(fwrite)
       -     8620      123                 fwrite
       -     8620      123                 fwrite_unlocked
       -     8743       25         C:\dev\lib\wasi-sysroot/lib/wasm32-wasi\libc.a(fputs.o):(fputs)
       -     8743       25                 fputs
       -     8743       25                 fputs_unlocked
       -     8768       76         C:\dev\lib\wasi-sysroot/lib/wasm32-wasi\libc.a(strtod.o):(strtof)
       -     8768       76                 strtof
       -     87de       75         C:\dev\lib\wasi-sysroot/lib/wasm32-wasi\libc.a(strtod.o):(strtod)
       -     87de       75                 strtod
       -     8853        a         C:\dev\lib\wasi-sysroot/lib/wasm32-wasi\libc.a(strtod.o):(strtold)
       -     8853        a                 strtold
       -     885d       1d         C:\dev\lib\wasi-sysroot/lib/wasm32-wasi\libc.a(strtod.o):(long_double_not_supported)
       -     885d       1d                 long_double_not_supported
       -     887a       1e         C:\dev\lib\wasi-sysroot/lib/wasm32-wasi\libc.a(ldiv.o):(ldiv)
       -     887a       1e                 ldiv
       -     8898        d         C:\dev\lib\wasi-sysroot/lib/wasm32-wasi\libc.a(atof.o):(atof)
       -     8898        d                 atof
       -     88a5      376         C:\dev\lib\wasi-sysroot/lib/wasm32-wasi\libc.a(qsort.o):(__qsort_r)
       -     88a5      376                 __qsort_r
       -     88a5      376                 qsort_r
       -     8c1b      1cb         C:\dev\lib\wasi-sysroot/lib/wasm32-wasi\libc.a(qsort.o):(sift)
       -     8c1b      1cb                 sift
       -     8de6      2b6         C:\dev\lib\wasi-sysroot/lib/wasm32-wasi\libc.a(qsort.o):(trinkle)
       -     8de6      2b6                 trinkle
       -     909c       b2         C:\dev\lib\wasi-sysroot/lib/wasm32-wasi\libc.a(atol.o):(atol)
       -     909c       b2                 atol
       -     914e       60         C:\dev\lib\wasi-sysroot/lib/wasm32-wasi\libc.a(bsearch.o):(bsearch)
       -     914e       60                 bsearch
       -     91ae       1e         C:\dev\lib\wasi-sysroot/lib/wasm32-wasi\libc.a(div.o):(div)
       -     91ae       1e                 div
       -     91cc       1e         C:\dev\lib\wasi-sysroot/lib/wasm32-wasi\libc.a(lldiv.o):(lldiv)
       -     91cc       1e                 lldiv
       -     91ea       12         C:\dev\lib\wasi-sysroot/lib/wasm32-wasi\libc.a(rand.o):(srand)
       -     91ea       12                 srand
       -     91fc       2e         C:\dev\lib\wasi-sysroot/lib/wasm32-wasi\libc.a(rand.o):(rand)
       -     91fc       2e                 rand
       -     922a      19d         C:\dev\lib\wasi-sysroot/lib/wasm32-wasi\libc.a(atan2.o):(atan2)
       -     922a      19d                 atan2
       -     93c7        d         C:\dev\lib\wasi-sysroot/lib/wasm32-wasi\libc.a(ldexp.o):(ldexp)
       -     93c7        d                 ldexp
       -     93d4       11         C:\dev\lib\wasi-sysroot/lib/wasm32-wasi\libc.a(lgamma.o):(lgamma)
       -     93d4       11                 lgamma
       -     93e5       9f         C:\dev\lib\wasi-sysroot/lib/wasm32-wasi\libc.a(nextafter.o):(nextafter)
       -     93e5       9f                 nextafter
       -     9484      132         C:\dev\lib\wasi-sysroot/lib/wasm32-wasi\libc.a(nexttoward.o):(nexttoward)
       -     9484      132                 nexttoward
       -     95b6      110         C:\dev\lib\wasi-sysroot/lib/wasm32-wasi\libc.a(asinf.o):(asinf)
       -     95b6      110                 asinf
       -     96c6      17d         C:\dev\lib\wasi-sysroot/lib/wasm32-wasi\libc.a(atanf.o):(atanf)
       -     96c6      17d                 atanf
       -     9843      169         C:\dev\lib\wasi-sysroot/lib/wasm32-wasi\libc.a(log1pf.o):(log1pf)
       -     9843      169                 log1pf
       -     99ac       b1         C:\dev\lib\wasi-sysroot/lib/wasm32-wasi\libc.a(cosh.o):(cosh)
       -     99ac       b1                 cosh
       -     9a5d      1fe         C:\dev\lib\wasi-sysroot/lib/wasm32-wasi\libc.a(log1p.o):(log1p)
       -     9a5d      1fe                 log1p
       -     9c5b       e9         C:\dev\lib\wasi-sysroot/lib/wasm32-wasi\libc.a(hypotf.o):(hypotf)
       -     9c5b       e9                 hypotf
       -     9d44      173         C:\dev\lib\wasi-sysroot/lib/wasm32-wasi\libc.a(tanf.o):(tanf)
       -     9d44      173                 tanf
       -     9eb7       91         C:\dev\lib\wasi-sysroot/lib/wasm32-wasi\libc.a(frexp.o):(frexp)
       -     9eb7       91                 frexp
       -     9f48      2fb         C:\dev\lib\wasi-sysroot/lib/wasm32-wasi\libc.a(expm1.o):(expm1)
       -     9f48      2fb                 expm1
       -     a243       ef         C:\dev\lib\wasi-sysroot/lib/wasm32-wasi\libc.a(tanh.o):(tanh)
       -     a243       ef                 tanh
       -     a332      2d0         C:\dev\lib\wasi-sysroot/lib/wasm32-wasi\libc.a(acos.o):(acos)
       -     a332      2d0                 acos
       -     a602      109         C:\dev\lib\wasi-sysroot/lib/wasm32-wasi\libc.a(cbrt.o):(cbrt)
       -     a602      109                 cbrt
       -     a70b       c2         C:\dev\lib\wasi-sysroot/lib/wasm32-wasi\libc.a(tanhf.o):(tanhf)
       -     a70b       c2                 tanhf
       -     a7cd      26c         C:\dev\lib\wasi-sysroot/lib/wasm32-wasi\libc.a(log.o):(log)
       -     a7cd      26c                 log
       -     aa39       85         C:\dev\lib\wasi-sysroot/lib/wasm32-wasi\libc.a(acosh.o):(acosh)
       -     aa39       85                 acosh
       -     aabe       32         C:\dev\lib\wasi-sysroot/lib/wasm32-wasi\libc.a(fdim.o):(fdim)
       -     aabe       32                 fdim
       -     aaf0       d0         C:\dev\lib\wasi-sysroot/lib/wasm32-wasi\libc.a(modf.o):(modf)
       -     aaf0       d0                 modf
       -     abc0       2e         C:\dev\lib\wasi-sysroot/lib/wasm32-wasi\libc.a(fdimf.o):(fdimf)
       -     abc0       2e                 fdimf
       -     abee      254         C:\dev\lib\wasi-sysroot/lib/wasm32-wasi\libc.a(asin.o):(asin)
       -     abee      254                 asin
       -     ae42      209         C:\dev\lib\wasi-sysroot/lib/wasm32-wasi\libc.a(atan.o):(atan)
       -     ae42      209                 atan
       -     b04b       72         C:\dev\lib\wasi-sysroot/lib/wasm32-wasi\libc.a(acoshf.o):(acoshf)
       -     b04b       72                 acoshf
       -     b0bd      152         C:\dev\lib\wasi-sysroot/lib/wasm32-wasi\libc.a(erf.o):(erf)
       -     b0bd      152                 erf
       -     b20f      2ca         C:\dev\lib\wasi-sysroot/lib/wasm32-wasi\libc.a(erf.o):(erfc2)
       -     b20f      2ca                 erfc2
       -     b4d9      186         C:\dev\lib\wasi-sysroot/lib/wasm32-wasi\libc.a(erf.o):(erfc)
       -     b4d9      186                 erfc
       -     b65f       14         C:\dev\lib\wasi-sysroot/lib/wasm32-wasi\libc.a(__math_uflow.o):(__math_uflow)
       -     b65f       14                 __math_uflow
       -     b673      169         C:\dev\lib\wasi-sysroot/lib/wasm32-wasi\libc.a(exp.o):(exp)
       -     b673      169                 exp
       -     b7dc       a1         C:\dev\lib\wasi-sysroot/lib/wasm32-wasi\libc.a(exp.o):(specialcase)
       -     b7dc       a1                 specialcase
       -     b87d       c1         C:\dev\lib\wasi-sysroot/lib/wasm32-wasi\libc.a(asinh.o):(asinh)
       -     b87d       c1                 asinh
       -     b93e       8d         C:\dev\lib\wasi-sysroot/lib/wasm32-wasi\libc.a(nextafterf.o):(nextafterf)
       -     b93e       8d                 nextafterf
       -     b9cb        e         C:\dev\lib\wasi-sysroot/lib/wasm32-wasi\libc.a(__math_xflow.o):(__math_xflow)
       -     b9cb        e                 __math_xflow
       -     b9d9      175         C:\dev\lib\wasi-sysroot/lib/wasm32-wasi\libc.a(hypot.o):(hypot)
       -     b9d9      175                 hypot
       -     bb4e       ac         C:\dev\lib\wasi-sysroot/lib/wasm32-wasi\libc.a(sinh.o):(sinh)
       -     bb4e       ac                 sinh
       -     bbfa       ec         C:\dev\lib\wasi-sysroot/lib/wasm32-wasi\libc.a(expf.o):(expf)
       -     bbfa       ec                 expf
       -     bce6      106         C:\dev\lib\wasi-sysroot/lib/wasm32-wasi\libc.a(erff.o):(erff)
       -     bce6      106                 erff
       -     bdec      203         C:\dev\lib\wasi-sysroot/lib/wasm32-wasi\libc.a(erff.o):(erfc2)
       -     bdec      203                 erfc2
       -     bfef      132         C:\dev\lib\wasi-sysroot/lib/wasm32-wasi\libc.a(erff.o):(erfcf)
       -     bfef      132                 erfcf
       -     c121       10         C:\dev\lib\wasi-sysroot/lib/wasm32-wasi\libc.a(__math_uflowf.o):(__math_uflowf)
       -     c121       10                 __math_uflowf
       -     c131      16d         C:\dev\lib\wasi-sysroot/lib/wasm32-wasi\libc.a(acosf.o):(acosf)
       -     c131      16d                 acosf
       -     c29e      31b         C:\dev\lib\wasi-sysroot/lib/wasm32-wasi\libc.a(remquo.o):(remquo)
       -     c29e      31b                 remquo
       -     c5b9       b4         C:\dev\lib\wasi-sysroot/lib/wasm32-wasi\libc.a(cbrtf.o):(cbrtf)
       -     c5b9       b4                 cbrtf
       -     c66d        e         C:\dev\lib\wasi-sysroot/lib/wasm32-wasi\libc.a(__math_xflowf.o):(__math_xflowf)
       -     c66d        e                 __math_xflowf
       -     c67b       94         C:\dev\lib\wasi-sysroot/lib/wasm32-wasi\libc.a(__cos.o):(__cos)
       -     c67b       94                 __cos
       -     c70f      727         C:\dev\lib\wasi-sysroot/lib/wasm32-wasi\libc.a(lgamma_r.o):(__lgamma_r)
       -     c70f      727                 __lgamma_r
       -     c70f      727                 lgamma_r
       -     ce36      4a4         C:\dev\lib\wasi-sysroot/lib/wasm32-wasi\libc.a(pow.o):(pow)
       -     ce36      4a4                 pow
       -     d2da       56         C:\dev\lib\wasi-sysroot/lib/wasm32-wasi\libc.a(pow.o):(checkint)
       -     d2da       56                 checkint
       -     d330       cc         C:\dev\lib\wasi-sysroot/lib/wasm32-wasi\libc.a(pow.o):(specialcase)
       -     d330       cc                 specialcase
       -     d3fc      47d         C:\dev\lib\wasi-sysroot/lib/wasm32-wasi\libc.a(tgamma.o):(tgamma)
       -     d3fc      47d                 tgamma
       -     d879       88         C:\dev\lib\wasi-sysroot/lib/wasm32-wasi\libc.a(ilogb.o):(ilogb)
       -     d879       88                 ilogb
       -     d901       29         C:\dev\lib\wasi-sysroot/lib/wasm32-wasi\libc.a(__expo2.o):(__expo2)
       -     d901       29                 __expo2
       -     d92a       fc         C:\dev\lib\wasi-sysroot/lib/wasm32-wasi\libc.a(logf.o):(logf)
       -     d92a       fc                 logf
       -     da26       94         C:\dev\lib\wasi-sysroot/lib/wasm32-wasi\libc.a(atanh.o):(atanh)
       -     da26       94                 atanh
       -     daba      528         C:\dev\lib\wasi-sysroot/lib/wasm32-wasi\libc.a(__rem_pio2.o):(__rem_pio2)
       -     daba      528                 __rem_pio2
       -     dfe2       9f         C:\dev\lib\wasi-sysroot/lib/wasm32-wasi\libc.a(tan.o):(tan)
       -     dfe2       9f                 tan
       -     e081       1d         C:\dev\lib\wasi-sysroot/lib/wasm32-wasi\libc.a(__expo2f.o):(__expo2f)
       -     e081       1d                 __expo2f
       -     e09e       93         C:\dev\lib\wasi-sysroot/lib/wasm32-wasi\libc.a(sinhf.o):(sinhf)
       -     e09e       93                 sinhf
       -     e131        d         C:\dev\lib\wasi-sysroot/lib/wasm32-wasi\libc.a(__math_invalidf.o):(__math_invalidf)
       -     e131        d                 __math_invalidf
       -     e13e        d         C:\dev\lib\wasi-sysroot/lib/wasm32-wasi\libc.a(tgammaf.o):(tgammaf)
       -     e13e        d                 tgammaf
       -     e14b        c         C:\dev\lib\wasi-sysroot/lib/wasm32-wasi\libc.a(nan.o):(nan)
       -     e14b        c                 nan
       -     e157      1b6         C:\dev\lib\wasi-sysroot/lib/wasm32-wasi\libc.a(__tan.o):(__tan)
       -     e157      1b6                 __tan
       -     e30d       a7         C:\dev\lib\wasi-sysroot/lib/wasm32-wasi\libc.a(asinhf.o):(asinhf)
       -     e30d       a7                 asinhf
       -     e3b4       14         C:\dev\lib\wasi-sysroot/lib/wasm32-wasi\libc.a(__math_oflow.o):(__math_oflow)
       -     e3b4       14                 __math_oflow
       -     e3c8       10         C:\dev\lib\wasi-sysroot/lib/wasm32-wasi\libc.a(__math_divzerof.o):(__math_divzerof)
       -     e3c8       10                 __math_divzerof
       -     e3d8       79         C:\dev\lib\wasi-sysroot/lib/wasm32-wasi\libc.a(__tandf.o):(__tandf)
       -     e3d8       79                 __tandf
       -     e451       34         C:\dev\lib\wasi-sysroot/lib/wasm32-wasi\libc.a(remainder.o):(remainder)
       -     e451       34                 remainder
       -     e451       34                 drem
       -     e485     10c7         C:\dev\lib\wasi-sysroot/lib/wasm32-wasi\libc.a(__rem_pio2_large.o):(__rem_pio2_large)
       -     e485     10c7                 __rem_pio2_large
       -     f54c      2f0         C:\dev\lib\wasi-sysroot/lib/wasm32-wasi\libc.a(remquof.o):(remquof)
       -     f54c      2f0                 remquof
       -     f83c       34         C:\dev\lib\wasi-sysroot/lib/wasm32-wasi\libc.a(remainderf.o):(remainderf)
       -     f83c       34                 remainderf
       -     f83c       34                 dremf
       -     f870        d         C:\dev\lib\wasi-sysroot/lib/wasm32-wasi\libc.a(scalbln.o):(scalbln)
       -     f870        d                 scalbln
       -     f87d      122         C:\dev\lib\wasi-sysroot/lib/wasm32-wasi\libc.a(__rem_pio2f.o):(__rem_pio2f)
       -     f87d      122                 __rem_pio2f
       -     f99f       b0         C:\dev\lib\wasi-sysroot/lib/wasm32-wasi\libc.a(scalbn.o):(scalbn)
       -     f99f       b0                 scalbn
       -     fa4f       45         C:\dev\lib\wasi-sysroot/lib/wasm32-wasi\libc.a(logb.o):(logb)
       -     fa4f       45                 logb
       -     fa94      21c         C:\dev\lib\wasi-sysroot/lib/wasm32-wasi\libc.a(fmod.o):(fmod)
       -     fa94      21c                 fmod
       -     fcb0       90         C:\dev\lib\wasi-sysroot/lib/wasm32-wasi\libc.a(coshf.o):(coshf)
       -     fcb0       90                 coshf
       -     fd40      160         C:\dev\lib\wasi-sysroot/lib/wasm32-wasi\libc.a(atan2f.o):(atan2f)
       -     fd40      160                 atan2f
       -     fea0       7e         C:\dev\lib\wasi-sysroot/lib/wasm32-wasi\libc.a(atanhf.o):(atanhf)
       -     fea0       7e                 atanhf
       -     ff1e       18         C:\dev\lib\wasi-sysroot/lib/wasm32-wasi\libc.a(__math_divzero.o):(__math_divzero)
       -     ff1e       18                 __math_divzero
       -     ff36       10         C:\dev\lib\wasi-sysroot/lib/wasm32-wasi\libc.a(__math_oflowf.o):(__math_oflowf)
       -     ff36       10                 __math_oflowf
       -     ff46       9c         C:\dev\lib\wasi-sysroot/lib/wasm32-wasi\libc.a(__sin.o):(__sin)
       -     ff46       9c                 __sin
       -     ffe2       4c         C:\dev\lib\wasi-sysroot/lib/wasm32-wasi\libc.a(__sindf.o):(__sindf)
       -     ffe2       4c                 __sindf
       -    1002e       50         C:\dev\lib\wasi-sysroot/lib/wasm32-wasi\libc.a(__cosdf.o):(__cosdf)
       -    1002e       50                 __cosdf
       -    1007e      5ad         C:\dev\lib\wasi-sysroot/lib/wasm32-wasi\libc.a(lgammaf_r.o):(__lgammaf_r)
       -    1007e      5ad                 __lgammaf_r
       -    1007e      5ad                 lgammaf_r
       -    1062b       11         C:\dev\lib\wasi-sysroot/lib/wasm32-wasi\libc.a(lgammaf.o):(lgammaf)
       -    1062b       11                 lgammaf
       -    1063c        d         C:\dev\lib\wasi-sysroot/lib/wasm32-wasi\libc.a(__math_invalid.o):(__math_invalid)
       -    1063c        d                 __math_invalid
       -    10649      261         C:\dev\lib\wasi-sysroot/lib/wasm32-wasi\libc.a(expm1f.o):(expm1f)
       -    10649      261                 expm1f
       -    108aa      593         c:\dev\llvm\lib\clang\14.0.6\lib\wasi\libclang_rt.builtins-wasm32.a(addtf3.c.obj):(__addtf3)
       -    108aa      593                 __addtf3
       -    10e3d       e2         c:\dev\llvm\lib\clang\14.0.6\lib\wasi\libclang_rt.builtins-wasm32.a(comparetf2.c.obj):(__letf2)
       -    10e3d       e2                 __letf2
       -    10e3d       e2                 __eqtf2
       -    10e3d       e2                 __lttf2
       -    10e3d       e2                 __netf2
       -    10f1f       da         c:\dev\llvm\lib\clang\14.0.6\lib\wasi\libclang_rt.builtins-wasm32.a(comparetf2.c.obj):(__getf2)
       -    10f1f       da                 __getf2
       -    10f1f       da                 __gttf2
       -    10ff9       64         c:\dev\llvm\lib\clang\14.0.6\lib\wasi\libclang_rt.builtins-wasm32.a(comparetf2.c.obj):(__unordtf2)
       -    10ff9       64                 __unordtf2
       -    1105d      121         c:\dev\llvm\lib\clang\14.0.6\lib\wasi\libclang_rt.builtins-wasm32.a(extenddftf2.c.obj):(__extenddftf2)
       -    1105d      121                 __extenddftf2
       -    1117e      200         c:\dev\llvm\lib\clang\14.0.6\lib\wasi\libclang_rt.builtins-wasm32.a(trunctfdf2.c.obj):(__trunctfdf2)
       -    1117e      200                 __trunctfdf2
       -    1137e       54         c:\dev\llvm\lib\clang\14.0.6\lib\wasi\libclang_rt.builtins-wasm32.a(ashlti3.c.obj):(__ashlti3)
       -    1137e       54                 __ashlti3
       -    113d2        5         c:\dev\llvm\lib\clang\14.0.6\lib\wasi\libclang_rt.builtins-wasm32.a(fp_mode.c.obj):(__fe_getround)
       -    113d2        5                 __fe_getround
       -    113d7        5         c:\dev\llvm\lib\clang\14.0.6\lib\wasi\libclang_rt.builtins-wasm32.a(fp_mode.c.obj):(__fe_raise_inexact)
       -    113d7        5                 __fe_raise_inexact
       -    113dc       54         c:\dev\llvm\lib\clang\14.0.6\lib\wasi\libclang_rt.builtins-wasm32.a(lshrti3.c.obj):(__lshrti3)
       -    113dc       54                 __lshrti3
       -    11430       76         c:\dev\llvm\lib\clang\14.0.6\lib\wasi\libclang_rt.builtins-wasm32.a(multi3.c.obj):(__multi3)
       -    11430       76                 __multi3
       -    114a6        c         C:\dev\lib\wasi-sysroot/lib/wasm32-wasi\libc.a(_Exit.o):(_Exit)
       -    114a6        c                 _Exit
       -    114a6        c                 _exit
       -    114b2        3         C:\dev\lib\wasi-sysroot/lib/wasm32-wasi\libc.a(exit.o):(dummy)
       -    114b2        3                 dummy
       -    114b2        3                 __funcs_on_exit
       -    114b5        f         C:\dev\lib\wasi-sysroot/lib/wasm32-wasi\libc.a(exit.o):(__wasm_call_dtors)
       -    114b5        f                 __wasm_call_dtors
       -    114c4       18         C:\dev\lib\wasi-sysroot/lib/wasm32-wasi\libc.a(exit.o):(exit)
       -    114c4       18                 exit
       -    114dc       fa         C:\dev\lib\wasi-sysroot/lib/wasm32-wasi\libc.a(cos.o):(cos)
       -    114dc       fa                 cos
       -    115d6       ef         C:\dev\lib\wasi-sysroot/lib/wasm32-wasi\libc.a(sin.o):(sin)
       -    115d6       ef                 sin
       -    116c5      1f0         C:\dev\lib\wasi-sysroot/lib/wasm32-wasi\libc.a(log10.o):(log10)
       -    116c5      1f0                 log10
       -    118b5      16f         C:\dev\lib\wasi-sysroot/lib/wasm32-wasi\libc.a(exp2.o):(exp2)
       -    118b5      16f                 exp2
       -    11a24       9b         C:\dev\lib\wasi-sysroot/lib/wasm32-wasi\libc.a(exp2.o):(specialcase)
       -    11a24       9b                 specialcase
       -    11abf      288         C:\dev\lib\wasi-sysroot/lib/wasm32-wasi\libc.a(log2.o):(log2)
       -    11abf      288                 log2
       -    11d47       b9         C:\dev\lib\wasi-sysroot/lib/wasm32-wasi\libc.a(round.o):(round)
       -    11d47       b9                 round
       -    11e00       28         C:\dev\lib\wasi-sysroot/lib/wasm32-wasi\libc.a(lround.o):(lround)
       -    11e00       28                 lround
       -    11e28       2d         C:\dev\lib\wasi-sysroot/lib/wasm32-wasi\libc.a(llround.o):(llround)
       -    11e28       2d                 llround
       -    11e55       23         C:\dev\lib\wasi-sysroot/lib/wasm32-wasi\libc.a(lrint.o):(lrint)
       -    11e55       23                 lrint
       -    11e78       28         C:\dev\lib\wasi-sysroot/lib/wasm32-wasi\libc.a(llrint.o):(llrint)
       -    11e78       28                 llrint
       -    11ea0       23         C:\dev\lib\wasi-sysroot/lib/wasm32-wasi\libc.a(fmin-fmax.o):(fminf)
       -    11ea0       23                 fminf
       -    11ec3       23         C:\dev\lib\wasi-sysroot/lib/wasm32-wasi\libc.a(fmin-fmax.o):(fmaxf)
       -    11ec3       23                 fmaxf
       -    11ee6       23         C:\dev\lib\wasi-sysroot/lib/wasm32-wasi\libc.a(fmin-fmax.o):(fmin)
       -    11ee6       23                 fmin
       -    11f09       23         C:\dev\lib\wasi-sysroot/lib/wasm32-wasi\libc.a(fmin-fmax.o):(fmax)
       -    11f09       23                 fmax
       -    11f2c      449         C:\dev\lib\wasi-sysroot/lib/wasm32-wasi\libc.a(fma.o):(fma)
       -    11f2c      449                 fma
       -    12375      1d1         C:\dev\lib\wasi-sysroot/lib/wasm32-wasi\libc.a(cosf.o):(cosf)
       -    12375      1d1                 cosf
       -    12546      1cc         C:\dev\lib\wasi-sysroot/lib/wasm32-wasi\libc.a(sinf.o):(sinf)
       -    12546      1cc                 sinf
       -    12712      139         C:\dev\lib\wasi-sysroot/lib/wasm32-wasi\libc.a(log10f.o):(log10f)
       -    12712      139                 log10f
       -    1284b       e2         C:\dev\lib\wasi-sysroot/lib/wasm32-wasi\libc.a(exp2f.o):(exp2f)
       -    1284b       e2                 exp2f
       -    1292d       fc         C:\dev\lib\wasi-sysroot/lib/wasm32-wasi\libc.a(log2f.o):(log2f)
       -    1292d       fc                 log2f
       -    12a29      30a         C:\dev\lib\wasi-sysroot/lib/wasm32-wasi\libc.a(powf.o):(powf)
       -    12a29      30a                 powf
       -    12d33      1e4         C:\dev\lib\wasi-sysroot/lib/wasm32-wasi\libc.a(fmodf.o):(fmodf)
       -    12d33      1e4                 fmodf
       -    12f17       9a         C:\dev\lib\wasi-sysroot/lib/wasm32-wasi\libc.a(roundf.o):(roundf)
       -    12f17       9a                 roundf
       -    12fb1        5         C:\dev\lib\wasi-sysroot/lib/wasm32-wasi\libc.a(fenv.o):(feclearexcept)
       -    12fb1        5                 feclearexcept
       -    12fb6        5         C:\dev\lib\wasi-sysroot/lib/wasm32-wasi\libc.a(fenv.o):(feraiseexcept)
       -    12fb6        5                 feraiseexcept
       -    12fbb        5         C:\dev\lib\wasi-sysroot/lib/wasm32-wasi\libc.a(fenv.o):(fetestexcept)
       -    12fbb        5                 fetestexcept
       -    12fc0        5         C:\dev\lib\wasi-sysroot/lib/wasm32-wasi\libc.a(fenv.o):(fegetround)
       -    12fc0        5                 fegetround
       -    12fc5        5         C:\dev\lib\wasi-sysroot/lib/wasm32-wasi\libc.a(fenv.o):(__fesetround)
       -    12fc5        5                 __fesetround
       -    12fca        5         C:\dev\lib\wasi-sysroot/lib/wasm32-wasi\libc.a(fenv.o):(fegetenv)
       -    12fca        5                 fegetenv
       -    12fcf        5         C:\dev\lib\wasi-sysroot/lib/wasm32-wasi\libc.a(fenv.o):(fesetenv)
       -    12fcf        5                 fesetenv
       -    12fd4       a6         C:\dev\lib\wasi-sysroot/lib/wasm32-wasi\libc.a(fmaf.o):(fmaf)
       -    12fd4       a6                 fmaf
       -    1307a        b         lto.tmp:(_atol)
       -    1307a        b                 _atol
       -    13085        b         lto.tmp:(_atoi)
       -    13085        b                 _atoi
       -    13090        b         lto.tmp:(_atoll)
       -    13090        b                 _atoll
       -    1309b        b         lto.tmp:(_atof)
       -    1309b        b                 _atof
       -    130a6        f         lto.tmp:(_strtol)
       -    130a6        f                 _strtol
       -    130b5        f         lto.tmp:(_strtoul)
       -    130b5        f                 _strtoul
       -    130c4        f         lto.tmp:(_strtoll)
       -    130c4        f                 _strtoll
       -    130d3        f         lto.tmp:(_strtoull)
       -    130d3        f                 _strtoull
       -    130e2        d         lto.tmp:(_strtod)
       -    130e2        d                 _strtod
       -    130ef        d         lto.tmp:(_strtof)
       -    130ef        d                 _strtof
       -    130fc       47         lto.tmp:(_strtold)
       -    130fc       47                 _strtold
       -    13143        9         lto.tmp:(_rand)
       -    13143        9                 _rand
       -    1314c        b         lto.tmp:(_srand)
       -    1314c        b                 _srand
       -    13157        d         lto.tmp:(_calloc)
       -    13157        d                 _calloc
       -    13164        b         lto.tmp:(_free)
       -    13164        b                 _free
       -    1316f        b         lto.tmp:(_malloc)
       -    1316f        b                 _malloc
       -    1317a        d         lto.tmp:(_realloc)
       -    1317a        d                 _realloc
       -    13187       13         lto.tmp:(_bsearch)
       -    13187       13                 _bsearch
       -    1319a       11         lto.tmp:(_qsort)
       -    1319a       11                 _qsort
       -    131ab       12         lto.tmp:(_labs)
       -    131ab       12                 _labs
       -    131bd       12         lto.tmp:(_llabs)
       -    131bd       12                 _llabs
       -    131cf        f         lto.tmp:(_div)
       -    131cf        f                 _div
       -    131de        f         lto.tmp:(_ldiv)
       -    131de        f                 _ldiv
       -    131ed        f         lto.tmp:(_lldiv)
       -    131ed        f                 _lldiv
       -    131fc        b         lto.tmp:(_cos)
       -    131fc        b                 _cos
       -    13207        b         lto.tmp:(_sin)
       -    13207        b                 _sin
       -    13212        b         lto.tmp:(_tan)
       -    13212        b                 _tan
       -    1321d        b         lto.tmp:(_acos)
       -    1321d        b                 _acos
       -    13228        b         lto.tmp:(_asin)
       -    13228        b                 _asin
       -    13233        b         lto.tmp:(_atan)
       -    13233        b                 _atan
       -    1323e        d         lto.tmp:(_atan2)
       -    1323e        d                 _atan2
       -    1324b        b         lto.tmp:(_cosh)
       -    1324b        b                 _cosh
       -    13256        b         lto.tmp:(_sinh)
       -    13256        b                 _sinh
       -    13261        b         lto.tmp:(_tanh)
       -    13261        b                 _tanh
       -    1326c        b         lto.tmp:(_acosh)
       -    1326c        b                 _acosh
       -    13277        b         lto.tmp:(_asinh)
       -    13277        b                 _asinh
       -    13282        b         lto.tmp:(_atanh)
       -    13282        b                 _atanh
       -    1328d        b         lto.tmp:(_exp)
       -    1328d        b                 _exp
       -    13298        d         lto.tmp:(_frexp)
       -    13298        d                 _frexp
       -    132a5        d         lto.tmp:(_ldexp)
       -    132a5        d                 _ldexp
       -    132b2        b         lto.tmp:(_log)
       -    132b2        b                 _log
       -    132bd        b         lto.tmp:(_log10)
       -    132bd        b                 _log10
       -    132c8        d         lto.tmp:(_modf)
       -    132c8        d                 _modf
       -    132d5        b         lto.tmp:(_exp2)
       -    132d5        b                 _exp2
       -    132e0        b         lto.tmp:(_expm1)
       -    132e0        b                 _expm1
       -    132eb        b         lto.tmp:(_ilogb)
       -    132eb        b                 _ilogb
       -    132f6        b         lto.tmp:(_log1p)
       -    132f6        b                 _log1p
       -    13301        b         lto.tmp:(_log2)
       -    13301        b                 _log2
       -    1330c        b         lto.tmp:(_logb)
       -    1330c        b                 _logb
       -    13317        d         lto.tmp:(_scalbn)
       -    13317        d                 _scalbn
       -    13324        d         lto.tmp:(_scalbln)
       -    13324        d                 _scalbln
       -    13331        d         lto.tmp:(_pow)
       -    13331        d                 _pow
       -    1333e        6         lto.tmp:(_sqrt)
       -    1333e        6                 _sqrt
       -    13344        b         lto.tmp:(_cbrt)
       -    13344        b                 _cbrt
       -    1334f        d         lto.tmp:(_hypot)
       -    1334f        d                 _hypot
       -    1335c        b         lto.tmp:(_erf)
       -    1335c        b                 _erf
       -    13367        b         lto.tmp:(_erfc)
       -    13367        b                 _erfc
       -    13372        b         lto.tmp:(_tgamma)
       -    13372        b                 _tgamma
       -    1337d        b         lto.tmp:(_lgamma)
       -    1337d        b                 _lgamma
       -    13388        6         lto.tmp:(_ceil)
       -    13388        6                 _ceil
       -    1338e        6         lto.tmp:(_floor)
       -    1338e        6                 _floor
       -    13394        d         lto.tmp:(_fmod)
       -    13394        d                 _fmod
       -    133a1        6         lto.tmp:(_trunc)
       -    133a1        6                 _trunc
       -    133a7        b         lto.tmp:(_round)
       -    133a7        b                 _round
       -    133b2        b         lto.tmp:(_lround)
       -    133b2        b                 _lround
       -    133bd        b         lto.tmp:(_llround)
       -    133bd        b                 _llround
       -    133c8        6         lto.tmp:(_rint)
       -    133c8        6                 _rint
       -    133ce        b         lto.tmp:(_lrint)
       -    133ce        b                 _lrint
       -    133d9        b         lto.tmp:(_llrint)
       -    133d9        b                 _llrint
       -    133e4        6         lto.tmp:(_nearbyint)
       -    133e4        6                 _nearbyint
       -    133ea        d         lto.tmp:(_remainder)
       -    133ea        d                 _remainder
       -    133f7        f         lto.tmp:(_remquo)
       -    133f7        f                 _remquo
       -    13406        8         lto.tmp:(_copysign)
       -    13406        8                 _copysign
       -    1340e        b         lto.tmp:(_nan)
       -    1340e        b                 _nan
       -    13419        d         lto.tmp:(_nextafter)
       -    13419        d                 _nextafter
       -    13426        f         lto.tmp:(_nexttoward)
       -    13426        f                 _nexttoward
       -    13435        d         lto.tmp:(_fdim)
       -    13435        d                 _fdim
       -    13442        d         lto.tmp:(_fmax)
       -    13442        d                 _fmax
       -    1344f        d         lto.tmp:(_fmin)
       -    1344f        d                 _fmin
       -    1345c        6         lto.tmp:(_fabs)
       -    1345c        6                 _fabs
       -    13462        6         lto.tmp:(_abs)
       -    13462        6                 _abs
       -    13468        f         lto.tmp:(_fma)
       -    13468        f                 _fma
       -    13477        b         lto.tmp:(_cosf)
       -    13477        b                 _cosf
       -    13482        b         lto.tmp:(_sinf)
       -    13482        b                 _sinf
       -    1348d        b         lto.tmp:(_tanf)
       -    1348d        b                 _tanf
       -    13498        b         lto.tmp:(_acosf)
       -    13498        b                 _acosf
       -    134a3        b         lto.tmp:(_asinf)
       -    134a3        b                 _asinf
       -    134ae        b         lto.tmp:(_atanf)
       -    134ae        b                 _atanf
       -    134b9        d         lto.tmp:(_atan2f)
       -    134b9        d                 _atan2f
       -    134c6        b         lto.tmp:(_coshf)
       -    134c6        b                 _coshf
       -    134d1        b         lto.tmp:(_sinhf)
       -    134d1        b                 _sinhf
       -    134dc        b         lto.tmp:(_tanhf)
       -    134dc        b                 _tanhf
       -    134e7        b         lto.tmp:(_acoshf)
       -    134e7        b                 _acoshf
       -    134f2        b         lto.tmp:(_asinhf)
       -    134f2        b                 _asinhf
       -    134fd        b         lto.tmp:(_atanhf)
       -    134fd        b                 _atanhf
       -    13508        b         lto.tmp:(_expf)
       -    13508        b                 _expf
       -    13513        b         lto.tmp:(_logf)
       -    13513        b                 _logf
       -    1351e        b         lto.tmp:(_log10f)
       -    1351e        b                 _log10f
       -    13529        b         lto.tmp:(_exp2f)
       -    13529        b                 _exp2f
       -    13534        b         lto.tmp:(_expm1f)
       -    13534        b                 _expm1f
       -    1353f        b         lto.tmp:(_log1pf)
       -    1353f        b                 _log1pf
       -    1354a        b         lto.tmp:(_log2f)
       -    1354a        b                 _log2f
       -    13555        d         lto.tmp:(_powf)
       -    13555        d                 _powf
       -    13562        6         lto.tmp:(_sqrtf)
       -    13562        6                 _sqrtf
       -    13568        b         lto.tmp:(_cbrtf)
       -    13568        b                 _cbrtf
       -    13573        d         lto.tmp:(_hypotf)
       -    13573        d                 _hypotf
       -    13580        b         lto.tmp:(_erff)
       -    13580        b                 _erff
       -    1358b        b         lto.tmp:(_erfcf)
       -    1358b        b                 _erfcf
       -    13596        b         lto.tmp:(_tgammaf)
       -    13596        b                 _tgammaf
       -    135a1        b         lto.tmp:(_lgammaf)
       -    135a1        b                 _lgammaf
       -    135ac        6         lto.tmp:(_ceilf)
       -    135ac        6                 _ceilf
       -    135b2        6         lto.tmp:(_floorf)
       -    135b2        6                 _floorf
       -    135b8        d         lto.tmp:(_fmodf)
       -    135b8        d                 _fmodf
       -    135c5        6         lto.tmp:(_truncf)
       -    135c5        6                 _truncf
       -    135cb        b         lto.tmp:(_roundf)
       -    135cb        b                 _roundf
       -    135d6        6         lto.tmp:(_rintf)
       -    135d6        6                 _rintf
       -    135dc        6         lto.tmp:(_nearbyintf)
       -    135dc        6                 _nearbyintf
       -    135e2        d         lto.tmp:(_remainderf)
       -    135e2        d                 _remainderf
       -    135ef        8         lto.tmp:(_copysignf)
       -    135ef        8                 _copysignf
       -    135f7        d         lto.tmp:(_nextafterf)
       -    135f7        d                 _nextafterf
       -    13604        d         lto.tmp:(_fdimf)
       -    13604        d                 _fdimf
       -    13611        d         lto.tmp:(_fmaxf)
       -    13611        d                 _fmaxf
       -    1361e        d         lto.tmp:(_fminf)
       -    1361e        d                 _fminf
       -    1362b        6         lto.tmp:(_fabsf)
       -    1362b        6                 _fabsf
       -    13631        f         lto.tmp:(_fmaf)
       -    13631        f                 _fmaf
       -    13640        3         lto.tmp:(_start)
       -    13640        3                 _start
       -    13647     4647 DATA
     400    13648     45c8 .rodata
     400    1364c      101         C:\dev\lib\wasi-sysroot/lib/wasm32-wasi\libc.a(intscan.o):(.rodata.table)
     400    1364c      101                 table
     501    1374d        9         C:\dev\lib\wasi-sysroot/lib/wasm32-wasi\libc.a(intscan.o):(.rodata..L.str)
     501    1374d        9                 .L.str
     510    1375c       20         C:\dev\lib\wasi-sysroot/lib/wasm32-wasi\libc.a(floatscan.o):(.rodata.decfloat.p10s)
     510    1375c       20                 decfloat.p10s
     530    1377c        4         C:\dev\lib\wasi-sysroot/lib/wasm32-wasi\libc.a(stderr.o):(.rodata.stderr)
     530    1377c        4                 stderr
     534    13780       83         <internal>:(.rodata)
     5b8    13804       20         C:\dev\lib\wasi-sysroot/lib/wasm32-wasi\libc.a(atan2.o):(.rodata..Lswitch.table.atan2)
     5b8    13804       20                 .Lswitch.table.atan2
     5d8    13824       20         C:\dev\lib\wasi-sysroot/lib/wasm32-wasi\libc.a(atan2.o):(.rodata..Lswitch.table.atan2.1)
     5d8    13824       20                 .Lswitch.table.atan2.1
     600    1384c       10         C:\dev\lib\wasi-sysroot/lib/wasm32-wasi\libc.a(atanf.o):(.rodata.atanhi)
     600    1384c       10                 atanhi
     610    1385c       10         C:\dev\lib\wasi-sysroot/lib/wasm32-wasi\libc.a(atanf.o):(.rodata.atanlo)
     610    1385c       10                 atanlo
     620    1386c       20         C:\dev\lib\wasi-sysroot/lib/wasm32-wasi\libc.a(atan.o):(.rodata.atanhi)
     620    1386c       20                 atanhi
     640    1388c       20         C:\dev\lib\wasi-sysroot/lib/wasm32-wasi\libc.a(atan.o):(.rodata.atanlo)
     640    1388c       20                 atanlo
     660    138ac      148         C:\dev\lib\wasi-sysroot/lib/wasm32-wasi\libc.a(exp2f_data.o):(.rodata.__exp2f_data)
     660    138ac      148                 __exp2f_data
     7a8    139f4      870         C:\dev\lib\wasi-sysroot/lib/wasm32-wasi\libc.a(exp_data.o):(.rodata.__exp_data)
     7a8    139f4      870                 __exp_data
    1018    14264     1048         C:\dev\lib\wasi-sysroot/lib/wasm32-wasi\libc.a(pow_data.o):(.rodata.__pow_log_data)
    1018    14264     1048                 __pow_log_data
    2060    152ac       b8         C:\dev\lib\wasi-sysroot/lib/wasm32-wasi\libc.a(tgamma.o):(.rodata.fact)
    2060    152ac       b8                 fact
    2120    1536c       68         C:\dev\lib\wasi-sysroot/lib/wasm32-wasi\libc.a(tgamma.o):(.rodata.Snum)
    2120    1536c       68                 Snum
    2190    153dc       68         C:\dev\lib\wasi-sysroot/lib/wasm32-wasi\libc.a(tgamma.o):(.rodata.Sden)
    2190    153dc       68                 Sden
    21f8    15444     1090         C:\dev\lib\wasi-sysroot/lib/wasm32-wasi\libc.a(log_data.o):(.rodata.__log_data)
    21f8    15444     1090                 __log_data
    3288    164d4      120         C:\dev\lib\wasi-sysroot/lib/wasm32-wasi\libc.a(logf_data.o):(.rodata.__logf_data)
    3288    164d4      120                 __logf_data
    33b0    165fc       10         C:\dev\lib\wasi-sysroot/lib/wasm32-wasi\libc.a(__rem_pio2_large.o):(.rodata.init_jk)
    33b0    165fc       10                 init_jk
    33c0    1660c      ac8         C:\dev\lib\wasi-sysroot/lib/wasm32-wasi\libc.a(__rem_pio2_large.o):(.rodata.ipio2)
    33c0    1660c      ac8                 ipio2
    3e90    170dc       40         C:\dev\lib\wasi-sysroot/lib/wasm32-wasi\libc.a(__rem_pio2_large.o):(.rodata.PIo2)
    3e90    170dc       40                 PIo2
    3ed0    1711c       10         C:\dev\lib\wasi-sysroot/lib/wasm32-wasi\libc.a(atan2f.o):(.rodata..Lswitch.table.atan2f)
    3ed0    1711c       10                 .Lswitch.table.atan2f
    3ee0    1712c       10         C:\dev\lib\wasi-sysroot/lib/wasm32-wasi\libc.a(atan2f.o):(.rodata..Lswitch.table.atan2f.1)
    3ee0    1712c       10                 .Lswitch.table.atan2f.1
    3ef0    1713c      890         C:\dev\lib\wasi-sysroot/lib/wasm32-wasi\libc.a(log2_data.o):(.rodata.__log2_data)
    3ef0    1713c      890                 __log2_data
    4780    179cc      120         C:\dev\lib\wasi-sysroot/lib/wasm32-wasi\libc.a(log2f_data.o):(.rodata.__log2f_data)
    4780    179cc      120                 __log2f_data
    48a0    17aec      128         C:\dev\lib\wasi-sysroot/lib/wasm32-wasi\libc.a(powf_data.o):(.rodata.__powf_log2_data)
    48a0    17aec      128                 __powf_log2_data
    49c8    17c14       74 .data
    49c8    17c16       70         C:\dev\lib\wasi-sysroot/lib/wasm32-wasi\libc.a(stderr.o):(.data.__stderr_FILE)
    49c8    17c16       70                 __stderr_FILE
    4a38    17c86        4         C:\dev\lib\wasi-sysroot/lib/wasm32-wasi\libc.a(stderr.o):(.data.__stderr_used)
    4a38    17c86        4                 __stderr_used
    4a40    13647      214 .bss
    4a40        0      1d8         C:\dev\lib\wasi-sysroot/lib/wasm32-wasi\libc.a(dlmalloc.o):(.bss._gm_)
    4a40        0      1d8                 _gm_
    4c18        0       18         C:\dev\lib\wasi-sysroot/lib/wasm32-wasi\libc.a(dlmalloc.o):(.bss.mparams)
    4c18        0       18                 mparams
    4c30        0        4         C:\dev\lib\wasi-sysroot/lib/wasm32-wasi\libc.a(errno.o):(.bss.errno)
    4c30        0        4                 errno
    4c34        0        4         C:\dev\lib\wasi-sysroot/lib/wasm32-wasi\libc.a(ofl.o):(.bss.ofl_head)
    4c34        0        4                 ofl_head
    4c38        0        4         C:\dev\lib\wasi-sysroot/lib/wasm32-wasi\libc.a(__stdio_exit.o):(.bss.dummy_file)
    4c38        0        4                 __stdin_used
    4c38        0        4                 __stdout_used
    4c38        0        4                 dummy_file
    4c3c        0        8         C:\dev\lib\wasi-sysroot/lib/wasm32-wasi\libc.a(stderr.o):(.bss.buf)
    4c3c        0        8                 buf
    4c48        0        8         C:\dev\lib\wasi-sysroot/lib/wasm32-wasi\libc.a(rand.o):(.bss.seed)
    4c48        0        8                 seed
    4c50        0        4         C:\dev\lib\wasi-sysroot/lib/wasm32-wasi\libc.a(signgam.o):(.bss.__signgam)
    4c50        0        4                 __signgam
    4c50        0        4                 signgam
